<html>
<body>
<pre>
<h1>µVision Build Log</h1>
<h2>Tool Versions:</h2>
IDE-Version: µVision V5.41.0.0
Copyright (C) 2024 ARM Ltd and ARM Germany GmbH. All rights reserved.
License Information: faridul islam
NA
User-based license: Keil MDK Community (non-commercial free of charge)
Valid until: Jun 1 2033. Cached until: Sep 9 2025
 
Tool Versions:
Toolchain:       Keil MDK Community (non-commercial free of charge  Version: 5.41.0.0
Toolchain Path:  C:\Keil\ARM\ARMCLANG\Bin
C Compiler:      ArmClang.exe V6.22
Assembler:       Armasm.exe V6.22
Linker/Locator:  ArmLink.exe V6.22
Library Manager: ArmAr.exe V6.22
Hex Converter:   FromElf.exe V6.22
CPU DLL:         SARMCM3.DLL V5.41.0.0
Dialog DLL:      DARMCM1.DLL V1.19.6.0
Target DLL:      CMSIS_AGDI.dll V1.33.21.0
Dialog DLL:      TARMCM1.DLL V1.14.6.0
 
<h2>Project:</h2>
E:\Embedded Projects\Running\Keil Projects\STM32G030_RTOS\stm32g030_rtos.uvprojx
Project File Date:  09/02/2025

<h2>Output:</h2>
*** Using Compiler 'V6.22', folder: 'C:\Keil\ARM\ARMCLANG\Bin'
Rebuild target 'STM32G030F6P6'
"kernel.s", line 39: Warning: A1313W: Missing END directive at end of file
   39 00000000 
0 Errors, 1 Warning
assembling kernel.s...
assembling startup_stm32g030xx.s...
assembling gpio.s...
compiling main.c...
compiling system_stm32g0xx.c...
linking...
Program Size: Code=452 RO-data=208 RW-data=0 ZI-data=1632  
".\Objects\stm32g030_rtos.axf" - 0 Error(s), 0 Warning(s).

<h2>Software Packages used:</h2>

Package Vendor: ARM
                https://www.keil.com/pack/ARM.CMSIS.6.1.0.pack
                ARM::CMSIS@6.1.0
                CMSIS (Common Microcontroller Software Interface Standard)
   * Component: CORE Version: 6.1.0

Package Vendor: Keil
                https://www.keil.com/pack/Keil.STM32G0xx_DFP.2.0.0.pack
                Keil::STM32G0xx_DFP@2.0.0
                STMicroelectronics STM32G0 Series Device Support

<h2>Collection of Component include folders:</h2>
  ./RTE/_STM32G030F6P6
  C:/Keil/ARM/CMSIS/6.1.0/CMSIS/Core/Include

<h2>Collection of Component Files used:</h2>

   * Component: ARM::CMSIS:CORE@6.1.0
Build Time Elapsed:  00:00:00
</pre>
</body>
</html>
